// Jest Snapshot v1, https://goo.gl/fbAQLP

exports[`fixtures should match the snapshot 1`] = `
Object {
  "Counter.tsx": Object {
    "errors": Array [
      "prettier/prettier",
      "prettier/prettier",
      "jsx-quotes",
    ],
    "warnings": Array [
      "react/no-children-prop",
      "jsx-a11y/aria-role",
    ],
  },
  "mod.ts": Object {
    "errors": Array [],
    "warnings": Array [],
  },
  "sum.ts": Object {
    "errors": Array [
      "default-param-last",
      "prefer-regex-literals",
      "no-shadow",
      "prettier/prettier",
    ],
    "warnings": Array [
      "no-div-regex",
    ],
  },
}
`;
